============================= test session starts ==============================
platform linux -- Python 3.12.13, pytest-9.0.3, pluggy-1.6.0
rootdir: /app
collected 6 items

tests/test_cli_functionality.py ......                                   [100%]

=============================== warnings summary ===============================
tests/test_cli_functionality.py::test_cli_imports
  /home/jules/.pyenv/versions/3.12.13/lib/python3.12/site-packages/_pytest/python.py:170: PytestReturnNotNoneWarning: Test functions should return None, but tests/test_cli_functionality.py::test_cli_imports returned <class 'bool'>.
  Did you mean to use `assert` instead of `return`?
  See https://docs.pytest.org/en/stable/how-to/assert.html#return-not-none for more information.
    warnings.warn(

tests/test_cli_functionality.py::test_cli_initialization
  /home/jules/.pyenv/versions/3.12.13/lib/python3.12/site-packages/_pytest/python.py:170: PytestReturnNotNoneWarning: Test functions should return None, but tests/test_cli_functionality.py::test_cli_initialization returned <class 'bool'>.
  Did you mean to use `assert` instead of `return`?
  See https://docs.pytest.org/en/stable/how-to/assert.html#return-not-none for more information.
    warnings.warn(

tests/test_cli_functionality.py::test_cmd_enhancements
  /home/jules/.pyenv/versions/3.12.13/lib/python3.12/site-packages/_pytest/python.py:170: PytestReturnNotNoneWarning: Test functions should return None, but tests/test_cli_functionality.py::test_cmd_enhancements returned <class 'bool'>.
  Did you mean to use `assert` instead of `return`?
  See https://docs.pytest.org/en/stable/how-to/assert.html#return-not-none for more information.
    warnings.warn(

tests/test_cli_functionality.py::test_theme_system
  /home/jules/.pyenv/versions/3.12.13/lib/python3.12/site-packages/_pytest/python.py:170: PytestReturnNotNoneWarning: Test functions should return None, but tests/test_cli_functionality.py::test_theme_system returned <class 'bool'>.
  Did you mean to use `assert` instead of `return`?
  See https://docs.pytest.org/en/stable/how-to/assert.html#return-not-none for more information.
    warnings.warn(

tests/test_cli_functionality.py::test_ai_integration
  /home/jules/.pyenv/versions/3.12.13/lib/python3.12/site-packages/_pytest/python.py:170: PytestReturnNotNoneWarning: Test functions should return None, but tests/test_cli_functionality.py::test_ai_integration returned <class 'bool'>.
  Did you mean to use `assert` instead of `return`?
  See https://docs.pytest.org/en/stable/how-to/assert.html#return-not-none for more information.
    warnings.warn(

tests/test_cli_functionality.py::test_plugin_system
  /home/jules/.pyenv/versions/3.12.13/lib/python3.12/site-packages/_pytest/python.py:170: PytestReturnNotNoneWarning: Test functions should return None, but tests/test_cli_functionality.py::test_plugin_system returned <class 'bool'>.
  Did you mean to use `assert` instead of `return`?
  See https://docs.pytest.org/en/stable/how-to/assert.html#return-not-none for more information.
    warnings.warn(

-- Docs: https://docs.pytest.org/en/stable/how-to/capture-warnings.html
======================== 6 passed, 6 warnings in 0.24s =========================
